
Error [ERR_IPC_DISCONNECTED]: IPC channel is already disconnected
    at ChildProcess.target.disconnect (internal/child_process.js:858:26)
    at QueryProcessWrapper.destroy (C:\Users\20191661\Documents\InsurgenceShowdown\Insurgence-Showdown\lib\process-manager.ts:184:16)
    at QueryProcessWrapper.release (C:\Users\20191661\Documents\InsurgenceShowdown\Insurgence-Showdown\lib\process-manager.ts:170:9)
    at QueryProcessManager.releaseCrashed (C:\Users\20191661\Documents\InsurgenceShowdown\Insurgence-Showdown\lib\process-manager.ts:438:16)
    at ChildProcess.<anonymous> (C:\Users\20191661\Documents\InsurgenceShowdown\Insurgence-Showdown\lib\process-manager.ts:495:47)
    at ChildProcess.emit (events.js:315:20)
    at ChildProcess.EventEmitter.emit (domain.js:467:12)
    at finish (internal/child_process.js:888:14)
    at processTicksAndRejections (internal/process/task_queues.js:75:11)

TypeError: Cannot read property 'then' of null
    at RawProcessManager.releaseCrashed (C:\Users\20191661\Documents\InsurgenceShowdown\Insurgence-Showdown\lib\process-manager.ts:438:23)
    at Worker.<anonymous> (C:\Users\20191661\Documents\InsurgenceShowdown\Insurgence-Showdown\lib\process-manager.ts:495:47)
    at Worker.emit (events.js:315:20)
    at Worker.EventEmitter.emit (domain.js:467:12)
    at ChildProcess.<anonymous> (internal/cluster/master.js:220:12)
    at Object.onceWrapper (events.js:421:28)
    at ChildProcess.emit (events.js:315:20)
    at ChildProcess.EventEmitter.emit (domain.js:467:12)
    at finish (internal/child_process.js:888:14)
    at processTicksAndRejections (internal/process/task_queues.js:75:11)

Error [ERR_IPC_DISCONNECTED]: IPC channel is already disconnected
    at ChildProcess.target.disconnect (internal/child_process.js:858:26)
    at QueryProcessWrapper.destroy (C:\Users\20191661\Documents\InsurgenceShowdown\Insurgence-Showdown\lib\process-manager.ts:184:16)
    at QueryProcessWrapper.release (C:\Users\20191661\Documents\InsurgenceShowdown\Insurgence-Showdown\lib\process-manager.ts:170:9)
    at QueryProcessManager.releaseCrashed (C:\Users\20191661\Documents\InsurgenceShowdown\Insurgence-Showdown\lib\process-manager.ts:438:16)
    at ChildProcess.<anonymous> (C:\Users\20191661\Documents\InsurgenceShowdown\Insurgence-Showdown\lib\process-manager.ts:495:47)
    at ChildProcess.emit (events.js:315:20)
    at ChildProcess.EventEmitter.emit (domain.js:467:12)
    at finish (internal/child_process.js:888:14)
    at processTicksAndRejections (internal/process/task_queues.js:75:11)

Error [ERR_IPC_DISCONNECTED]: IPC channel is already disconnected
    at ChildProcess.target.disconnect (internal/child_process.js:858:26)
    at QueryProcessWrapper.destroy (C:\Users\20191661\Documents\InsurgenceShowdown\Insurgence-Showdown\.lib-dist\process-manager.js:184:16)
    at QueryProcessWrapper.release (C:\Users\20191661\Documents\InsurgenceShowdown\Insurgence-Showdown\.lib-dist\process-manager.js:170:9)
    at QueryProcessManager.releaseCrashed (C:\Users\20191661\Documents\InsurgenceShowdown\Insurgence-Showdown\.lib-dist\process-manager.js:438:16)
    at ChildProcess.<anonymous> (C:\Users\20191661\Documents\InsurgenceShowdown\Insurgence-Showdown\.lib-dist\process-manager.js:495:47)
    at ChildProcess.emit (events.js:315:20)
    at ChildProcess.EventEmitter.emit (domain.js:467:12)
    at finish (internal/child_process.js:888:14)
    at processTicksAndRejections (internal/process/task_queues.js:75:11)

Error: Nothing matches "PastMove"
    at DexFormats.validateBanRule (C:\Users\20191661\Documents\InsurgenceShowdown\Insurgence-Showdown\sim\dex-formats.ts:932:10)
    at DexFormats.validateRule (C:\Users\20191661\Documents\InsurgenceShowdown\Insurgence-Showdown\sim\dex-formats.ts:854:33)
    at DexFormats.getRuleTable (C:\Users\20191661\Documents\InsurgenceShowdown\Insurgence-Showdown\sim\dex-formats.ts:665:26)
    at GlobalRoomState.get formatListText [as formatListText] (C:\Users\20191661\Documents\InsurgenceShowdown\Insurgence-Showdown\server\rooms.ts:1324:34)
    at GlobalRoomState.handleConnect (C:\Users\20191661\Documents\InsurgenceShowdown\Insurgence-Showdown\server\rooms.ts:1559:80)
    at Object.socketConnect (C:\Users\20191661\Documents\InsurgenceShowdown\Insurgence-Showdown\server\users.ts:1617:15)
    at _class.onSpawn (C:\Users\20191661\Documents\InsurgenceShowdown\Insurgence-Showdown\server\sockets.ts:34:11)
    at processTicksAndRejections (internal/process/task_queues.js:93:5)

Error: Nothing matches "PastMove"
    at DexFormats.validateBanRule (C:\Users\20191661\Documents\InsurgenceShowdown\Insurgence-Showdown\sim\dex-formats.ts:932:10)
    at DexFormats.validateRule (C:\Users\20191661\Documents\InsurgenceShowdown\Insurgence-Showdown\sim\dex-formats.ts:854:33)
    at DexFormats.getRuleTable (C:\Users\20191661\Documents\InsurgenceShowdown\Insurgence-Showdown\sim\dex-formats.ts:665:26)
    at GlobalRoomState.get formatListText [as formatListText] (C:\Users\20191661\Documents\InsurgenceShowdown\Insurgence-Showdown\server\rooms.ts:1324:34)
    at GlobalRoomState.handleConnect (C:\Users\20191661\Documents\InsurgenceShowdown\Insurgence-Showdown\server\rooms.ts:1559:80)
    at Object.socketConnect (C:\Users\20191661\Documents\InsurgenceShowdown\Insurgence-Showdown\server\users.ts:1617:15)
    at _class.onSpawn (C:\Users\20191661\Documents\InsurgenceShowdown\Insurgence-Showdown\server\sockets.ts:34:11)
    at processTicksAndRejections (internal/process/task_queues.js:93:5)

Error [ERR_IPC_DISCONNECTED]: IPC channel is already disconnected
    at ChildProcess.target.disconnect (internal/child_process.js:858:26)
    at QueryProcessWrapper.destroy (C:\Users\20191661\Documents\InsurgenceShowdown\Insurgence-Showdown\lib\process-manager.ts:184:16)
    at QueryProcessWrapper.release (C:\Users\20191661\Documents\InsurgenceShowdown\Insurgence-Showdown\lib\process-manager.ts:170:9)
    at QueryProcessManager.releaseCrashed (C:\Users\20191661\Documents\InsurgenceShowdown\Insurgence-Showdown\lib\process-manager.ts:438:16)
    at ChildProcess.<anonymous> (C:\Users\20191661\Documents\InsurgenceShowdown\Insurgence-Showdown\lib\process-manager.ts:495:47)
    at ChildProcess.emit (events.js:315:20)
    at ChildProcess.EventEmitter.emit (domain.js:467:12)
    at finish (internal/child_process.js:888:14)
    at processTicksAndRejections (internal/process/task_queues.js:75:11)

Error: Nothing matches "Max Level = 120"
    at DexFormats.validateBanRule (C:\Users\20191661\Documents\InsurgenceShowdown\Insurgence-Showdown\sim\dex-formats.ts:932:10)
    at DexFormats.validateRule (C:\Users\20191661\Documents\InsurgenceShowdown\Insurgence-Showdown\sim\dex-formats.ts:854:33)
    at DexFormats.getRuleTable (C:\Users\20191661\Documents\InsurgenceShowdown\Insurgence-Showdown\sim\dex-formats.ts:665:26)
    at DexFormats.getRuleTable (C:\Users\20191661\Documents\InsurgenceShowdown\Insurgence-Showdown\sim\dex-formats.ts:629:24)
    at GlobalRoomState.get formatListText [as formatListText] (C:\Users\20191661\Documents\InsurgenceShowdown\Insurgence-Showdown\server\rooms.ts:1324:34)
    at GlobalRoomState.handleConnect (C:\Users\20191661\Documents\InsurgenceShowdown\Insurgence-Showdown\server\rooms.ts:1559:80)
    at Object.socketConnect (C:\Users\20191661\Documents\InsurgenceShowdown\Insurgence-Showdown\server\users.ts:1617:15)
    at _class.onSpawn (C:\Users\20191661\Documents\InsurgenceShowdown\Insurgence-Showdown\server\sockets.ts:34:11)
    at processTicksAndRejections (internal/process/task_queues.js:93:5)

Error [ERR_IPC_DISCONNECTED]: IPC channel is already disconnected
    at ChildProcess.target.disconnect (internal/child_process.js:858:26)
    at QueryProcessWrapper.destroy (C:\Users\20191661\Documents\InsurgenceShowdown\Insurgence-Showdown\lib\process-manager.ts:184:16)
    at QueryProcessWrapper.release (C:\Users\20191661\Documents\InsurgenceShowdown\Insurgence-Showdown\lib\process-manager.ts:170:9)
    at QueryProcessManager.releaseCrashed (C:\Users\20191661\Documents\InsurgenceShowdown\Insurgence-Showdown\lib\process-manager.ts:438:16)
    at ChildProcess.<anonymous> (C:\Users\20191661\Documents\InsurgenceShowdown\Insurgence-Showdown\lib\process-manager.ts:495:47)
    at ChildProcess.emit (events.js:315:20)
    at ChildProcess.EventEmitter.emit (domain.js:467:12)
    at finish (internal/child_process.js:888:14)
    at processTicksAndRejections (internal/process/task_queues.js:75:11)

Error [ERR_IPC_DISCONNECTED]: IPC channel is already disconnected
    at ChildProcess.target.disconnect (internal/child_process.js:858:26)
    at QueryProcessWrapper.destroy (C:\Users\20191661\Documents\InsurgenceShowdown\Insurgence-Showdown\lib\process-manager.ts:184:16)
    at QueryProcessWrapper.release (C:\Users\20191661\Documents\InsurgenceShowdown\Insurgence-Showdown\lib\process-manager.ts:170:9)
    at QueryProcessManager.releaseCrashed (C:\Users\20191661\Documents\InsurgenceShowdown\Insurgence-Showdown\lib\process-manager.ts:438:16)
    at ChildProcess.<anonymous> (C:\Users\20191661\Documents\InsurgenceShowdown\Insurgence-Showdown\lib\process-manager.ts:495:47)
    at ChildProcess.emit (events.js:315:20)
    at ChildProcess.EventEmitter.emit (domain.js:467:12)
    at finish (internal/child_process.js:888:14)
    at processTicksAndRejections (internal/process/task_queues.js:75:11)

Error [ERR_IPC_DISCONNECTED]: IPC channel is already disconnected
    at ChildProcess.target.disconnect (internal/child_process.js:858:26)
    at QueryProcessWrapper.destroy (C:\Users\20191661\Documents\InsurgenceShowdown\Insurgence-Showdown\lib\process-manager.ts:184:16)
    at QueryProcessWrapper.release (C:\Users\20191661\Documents\InsurgenceShowdown\Insurgence-Showdown\lib\process-manager.ts:170:9)
    at QueryProcessManager.releaseCrashed (C:\Users\20191661\Documents\InsurgenceShowdown\Insurgence-Showdown\lib\process-manager.ts:438:16)
    at ChildProcess.<anonymous> (C:\Users\20191661\Documents\InsurgenceShowdown\Insurgence-Showdown\lib\process-manager.ts:495:47)
    at ChildProcess.emit (events.js:315:20)
    at ChildProcess.EventEmitter.emit (domain.js:467:12)
    at finish (internal/child_process.js:888:14)
    at processTicksAndRejections (internal/process/task_queues.js:75:11)

Error [ERR_IPC_DISCONNECTED]: IPC channel is already disconnected
    at ChildProcess.target.disconnect (internal/child_process.js:858:26)
    at QueryProcessWrapper.destroy (C:\Users\20191661\Documents\InsurgenceShowdown\Insurgence-Showdown\lib\process-manager.ts:184:16)
    at QueryProcessWrapper.release (C:\Users\20191661\Documents\InsurgenceShowdown\Insurgence-Showdown\lib\process-manager.ts:170:9)
    at QueryProcessManager.releaseCrashed (C:\Users\20191661\Documents\InsurgenceShowdown\Insurgence-Showdown\lib\process-manager.ts:438:16)
    at ChildProcess.<anonymous> (C:\Users\20191661\Documents\InsurgenceShowdown\Insurgence-Showdown\lib\process-manager.ts:495:47)
    at ChildProcess.emit (events.js:315:20)
    at ChildProcess.EventEmitter.emit (domain.js:467:12)
    at finish (internal/child_process.js:888:14)
    at processTicksAndRejections (internal/process/task_queues.js:75:11)

Error [ERR_IPC_DISCONNECTED]: IPC channel is already disconnected
    at ChildProcess.target.disconnect (internal/child_process.js:858:26)
    at QueryProcessWrapper.destroy (C:\Users\20191661\Documents\InsurgenceShowdown\Insurgence-Showdown\lib\process-manager.ts:184:16)
    at QueryProcessWrapper.release (C:\Users\20191661\Documents\InsurgenceShowdown\Insurgence-Showdown\lib\process-manager.ts:170:9)
    at QueryProcessManager.releaseCrashed (C:\Users\20191661\Documents\InsurgenceShowdown\Insurgence-Showdown\lib\process-manager.ts:438:16)
    at ChildProcess.<anonymous> (C:\Users\20191661\Documents\InsurgenceShowdown\Insurgence-Showdown\lib\process-manager.ts:495:47)
    at ChildProcess.emit (events.js:315:20)
    at ChildProcess.EventEmitter.emit (domain.js:467:12)
    at finish (internal/child_process.js:888:14)
    at processTicksAndRejections (internal/process/task_queues.js:75:11)

Error [ERR_IPC_DISCONNECTED]: IPC channel is already disconnected
    at ChildProcess.target.disconnect (internal/child_process.js:858:26)
    at QueryProcessWrapper.destroy (C:\Users\20191661\Documents\InsurgenceShowdown\Insurgence-Showdown\lib\process-manager.ts:184:16)
    at QueryProcessWrapper.release (C:\Users\20191661\Documents\InsurgenceShowdown\Insurgence-Showdown\lib\process-manager.ts:170:9)
    at QueryProcessManager.releaseCrashed (C:\Users\20191661\Documents\InsurgenceShowdown\Insurgence-Showdown\lib\process-manager.ts:438:16)
    at ChildProcess.<anonymous> (C:\Users\20191661\Documents\InsurgenceShowdown\Insurgence-Showdown\lib\process-manager.ts:495:47)
    at ChildProcess.emit (events.js:315:20)
    at ChildProcess.EventEmitter.emit (domain.js:467:12)
    at finish (internal/child_process.js:888:14)
    at processTicksAndRejections (internal/process/task_queues.js:75:11)

Error: Process sockets.ts 12640 crashed and had to be restarted
    at RawProcessManager.releaseCrashed (C:\Users\20191661\Documents\InsurgenceShowdown\Insurgence-Showdown\lib\process-manager.ts:454:4)
    at Worker.<anonymous> (C:\Users\20191661\Documents\InsurgenceShowdown\Insurgence-Showdown\lib\process-manager.ts:495:47)
    at Worker.emit (events.js:315:20)
    at Worker.EventEmitter.emit (domain.js:467:12)
    at ChildProcess.<anonymous> (internal/cluster/master.js:220:12)
    at Object.onceWrapper (events.js:421:28)
    at ChildProcess.emit (events.js:315:20)
    at ChildProcess.EventEmitter.emit (domain.js:467:12)
    at finish (internal/child_process.js:888:14)
    at processTicksAndRejections (internal/process/task_queues.js:75:11)

Error [ERR_IPC_DISCONNECTED]: IPC channel is already disconnected
    at ChildProcess.target.disconnect (internal/child_process.js:858:26)
    at QueryProcessWrapper.destroy (C:\Users\20191661\Documents\InsurgenceShowdown\Insurgence-Showdown\lib\process-manager.ts:184:16)
    at QueryProcessWrapper.release (C:\Users\20191661\Documents\InsurgenceShowdown\Insurgence-Showdown\lib\process-manager.ts:170:9)
    at QueryProcessManager.releaseCrashed (C:\Users\20191661\Documents\InsurgenceShowdown\Insurgence-Showdown\lib\process-manager.ts:438:16)
    at ChildProcess.<anonymous> (C:\Users\20191661\Documents\InsurgenceShowdown\Insurgence-Showdown\lib\process-manager.ts:495:47)
    at ChildProcess.emit (events.js:315:20)
    at ChildProcess.EventEmitter.emit (domain.js:467:12)
    at finish (internal/child_process.js:888:14)
    at processTicksAndRejections (internal/process/task_queues.js:75:11)

Error [ERR_IPC_DISCONNECTED]: IPC channel is already disconnected
    at ChildProcess.target.disconnect (internal/child_process.js:858:26)
    at QueryProcessWrapper.destroy (C:\Users\20191661\Documents\InsurgenceShowdown\Insurgence-Showdown\.lib-dist\process-manager.js:184:16)
    at QueryProcessWrapper.release (C:\Users\20191661\Documents\InsurgenceShowdown\Insurgence-Showdown\.lib-dist\process-manager.js:170:9)
    at QueryProcessManager.releaseCrashed (C:\Users\20191661\Documents\InsurgenceShowdown\Insurgence-Showdown\.lib-dist\process-manager.js:438:16)
    at ChildProcess.<anonymous> (C:\Users\20191661\Documents\InsurgenceShowdown\Insurgence-Showdown\.lib-dist\process-manager.js:495:47)
    at ChildProcess.emit (events.js:315:20)
    at ChildProcess.EventEmitter.emit (domain.js:467:12)
    at finish (internal/child_process.js:888:14)
    at processTicksAndRejections (internal/process/task_queues.js:75:11)

Error [ERR_IPC_DISCONNECTED]: IPC channel is already disconnected
    at ChildProcess.target.disconnect (internal/child_process.js:858:26)
    at QueryProcessWrapper.destroy (C:\Users\20191661\Documents\InsurgenceShowdown\Insurgence-Showdown\lib\process-manager.ts:184:16)
    at QueryProcessWrapper.release (C:\Users\20191661\Documents\InsurgenceShowdown\Insurgence-Showdown\lib\process-manager.ts:170:9)
    at QueryProcessManager.releaseCrashed (C:\Users\20191661\Documents\InsurgenceShowdown\Insurgence-Showdown\lib\process-manager.ts:438:16)
    at ChildProcess.<anonymous> (C:\Users\20191661\Documents\InsurgenceShowdown\Insurgence-Showdown\lib\process-manager.ts:495:47)
    at ChildProcess.emit (events.js:315:20)
    at ChildProcess.EventEmitter.emit (domain.js:467:12)
    at finish (internal/child_process.js:888:14)
    at processTicksAndRejections (internal/process/task_queues.js:75:11)
